-- Starting Daemons

ak@ak:~$ start-all.sh
This script is Deprecated. Instead use start-dfs.sh and start-yarn.sh
Starting namenodes on [localhost]
localhost: namenode running as process 2491. Stop it first.
localhost: datanode running as process 2676. Stop it first.
Starting secondary namenodes [0.0.0.0]
0.0.0.0: secondarynamenode running as process 2880. Stop it first.
starting yarn daemons
resourcemanager running as process 3013. Stop it first.
localhost: nodemanager running as process 3148. Stop it first.

	-- Hierarchial Directory

ak@ak:~$ hdfs dfs -mkdir /BankABC
ak@ak:~$ hdfs dfs -mkdir /BankABC/Loans
ak@ak:~$ hdfs dfs -mkdir /BankABC/Savings
ak@ak:~$ hdfs dfs -mkdir /BankABC/Current
ak@ak:~$ hdfs dfs -copyFromLocal /home/ak/datasets/loans.csv /BankABC/Loans               
ak@ak:~$ hdfs dfs -copyFromLocal /home/ak/datasets/Savings.csv /BankABC/Savings
ak@ak:~$ hdfs dfs -copyFromLocal /home/ak/datasets/Current.csv /BankABC/Current

	-- Append and Setrep functions

ak@ak:~$ hdfs dfs -setrep 2 /BankABC/Current/Current.csv
Replication 2 set: /BankABC/Current/Current.csv
ak@ak:~$ hdfs dfs -setrep 2 /BankABC/Saving/Saving.csv
setrep: `/BankABC/Saving/Saving.csv': No such file or directory
ak@ak:~$ hdfs dfs -setrep 2 /BankABC/Savings/Savings.csv
Replication 2 set: /BankABC/Savings/Savings.csv
ak@ak:~$ hdfs dfs -setrep 2 /BankABC/Loans/loans.csv
Replication 2 set: /BankABC/Loans/loans.csv
ak@ak:~$ hdfs dfs -appendToFile /home/ak/datasets/loans.csv /BankABC/Loans/loans.csv




	-- Hive loading from both local and hdfs

ak@ak:~$ hive
SLF4J: Class path contains multiple SLF4J bindings.
SLF4J: Found binding in [jar:file:/home/ak/apache-hive-3.1.2-bin/lib/log4j-slf4j-impl-2.10.0.jar!/org/slf4j/impl/StaticLoggerBinder.class]
SLF4J: Found binding in [jar:file:/home/ak/hadoop-2.10.1/share/hadoop/common/lib/slf4j-log4j12-1.7.25.jar!/org/slf4j/impl/StaticLoggerBinder.class]
SLF4J: See http://www.slf4j.org/codes.html#multiple_bindings for an explanation.
SLF4J: Actual binding is of type [org.apache.logging.slf4j.Log4jLoggerFactory]
Hive Session ID = 34661b19-0e5f-4f5e-84f0-850b3f9ac245
Logging initialized using configuration in jar:file:/home/ak/apache-hive-3.1.2-bin/lib/hive-common-3.1.2.jar!/hive-log4j2.properties Async: true
Hive Session ID = baf8257c-e0ca-4bfa-9f0c-5661c82b8f07
Hive-on-MR is deprecated in Hive 2 and may not be available in the future versions. Consider using a different execution engine (i.e. spark, tez) or using Hive 1.X releases.
hive> show databases
    > ;
OK
ak
default
ofsa
Time taken: 0.358 seconds, Fetched: 3 row(s)
hive> create table Employee(eno INT ,ename STRING, sal INT)row format delimited fields terminated by ',' stored as textfile;
OK
Time taken: 0.48 seconds
hive> desc Employee;
OK
eno                 	int                 	                    
ename               	string              	                    
sal                 	int                 	                    
Time taken: 0.09 seconds, Fetched: 3 row(s)
hive> load data local inpath '/home/ak/datasets/emp.csv' into table Employee;
Loading data to table default.employee
OK
Time taken: 0.436 seconds
hive> select * from Employee;
OK
111	zzz	8000
111	aaa	8888
121	bbb	8000
Time taken: 1.105 seconds, Fetched: 3 row(s)

ak@ak:~$ hdfs dfs -put /home/ak/datasets/emp.csv  /sharavanee
hive> load data inpath '/sharavanee/emp.csv' into table Employee;
Loading data to table default.employee
OK
Time taken: 0.231 seconds
hive> select * from Employee;
OK
111	zzz	8000
111	aaa	8888
121	bbb	8000
111	zzz	8000
111	aaa	8888
121	bbb	8000
Time taken: 0.117 seconds, Fetched: 6 row(s)

	-- 9 queries 


hive> create table patient(pid INT, pname STRING, drug STRING,gender string,
    > tot_amt INT) row format delimited fields terminated by ',' stored as textfile;
OK
Time taken: 0.062 seconds
hive> load data local inpath '/home/ak/datasets/patient.txt' into table patient;
Loading data to table default.patient
OK
Time taken: 0.203 seconds
hive> select * from patient;    //1
OK
111	aaa	Para	m	900
111	aaa	metacin	m	800
222	bbb	Crocin	f	600
222	bbb	Para	f	999
333	ccc	calpol	f	500
444	ddd	hcq	m	500
111	aaa	hcq	m	600
555	eee	cetzine	m	700
333	ccc	Para	m	444
111	aaa	Para	m	500
111	aaa	metacin	m	800
222	bbb	Crocin	f	600
222	bbb	Para	f	999
333	ccc	calpol	f	500
444	ddd	hcq	m	500
111	aaa	hcq	m	600
555	eee	cetzine	m	700
333	ccc	Para	m	444
111	aaa	Para	m	500
111	aaa	metacin	m	800
222	bbb	Crocin	f	600
222	bbb	Para	f	999
333	ccc	calpol	f	500
444	ddd	hcq	m	500
111	aaa	hcq	m	600
555	eee	cetzine	m	700
333	ccc	Para	m	444
Time taken: 0.102 seconds, Fetched: 27 row(s)
hive> select count(*) from patient;     //2
Query ID = ak_20211108204944_dd6ad581-e05e-43ad-8050-e23bf7f17ae9
Total jobs = 1
Launching Job 1 out of 1
Number of reduce tasks determined at compile time: 1
In order to change the average load for a reducer (in bytes):
  set hive.exec.reducers.bytes.per.reducer=<number>
In order to limit the maximum number of reducers:
  set hive.exec.reducers.max=<number>
In order to set a constant number of reducers:
  set mapreduce.job.reduces=<number>
Starting Job = job_1636354167280_0003, Tracking URL = http://ak:8088/proxy/application_1636354167280_0003/
Kill Command = /home/ak/hadoop-2.10.1/bin/mapred job  -kill job_1636354167280_0003
Hadoop job information for Stage-1: number of mappers: 1; number of reducers: 1
2021-11-08 20:49:50,644 Stage-1 map = 0%,  reduce = 0%
2021-11-08 20:49:54,777 Stage-1 map = 100%,  reduce = 0%, Cumulative CPU 0.85 sec
2021-11-08 20:49:59,900 Stage-1 map = 100%,  reduce = 100%, Cumulative CPU 1.85 sec
MapReduce Total cumulative CPU time: 1 seconds 850 msec
Ended Job = job_1636354167280_0003
MapReduce Jobs Launched: 
Stage-Stage-1: Map: 1  Reduce: 1   Cumulative CPU: 1.85 sec   HDFS Read: 13130 HDFS Write: 102 SUCCESS
Total MapReduce CPU Time Spent: 1 seconds 850 msec
OK
27
Time taken: 16.579 seconds, Fetched: 1 row(s)
hive> select * from patient where drug='Para';   //3
OK
111	aaa	Para	m	900
222	bbb	Para	f	999
333	ccc	Para	m	444
111	aaa	Para	m	500
222	bbb	Para	f	999
333	ccc	Para	m	444
111	aaa	Para	m	500
222	bbb	Para	f	999
333	ccc	Para	m	444
Time taken: 0.222 seconds, Fetched: 9 row(s)
hive> select sum(tot_amt) from patient;  //4
Query ID = ak_20211108205137_d3d10464-9634-461c-8fea-a0937f244c60
Total jobs = 1
Launching Job 1 out of 1
Number of reduce tasks determined at compile time: 1
In order to change the average load for a reducer (in bytes):
  set hive.exec.reducers.bytes.per.reducer=<number>
In order to limit the maximum number of reducers:
  set hive.exec.reducers.max=<number>
In order to set a constant number of reducers:
  set mapreduce.job.reduces=<number>
Starting Job = job_1636354167280_0004, Tracking URL = http://ak:8088/proxy/application_1636354167280_0004/
Kill Command = /home/ak/hadoop-2.10.1/bin/mapred job  -kill job_1636354167280_0004
Hadoop job information for Stage-1: number of mappers: 1; number of reducers: 1
2021-11-08 20:51:42,340 Stage-1 map = 0%,  reduce = 0%
2021-11-08 20:51:45,447 Stage-1 map = 100%,  reduce = 0%, Cumulative CPU 1.07 sec
2021-11-08 20:51:49,523 Stage-1 map = 100%,  reduce = 100%, Cumulative CPU 1.8 sec
MapReduce Total cumulative CPU time: 1 seconds 800 msec
Ended Job = job_1636354167280_0004
MapReduce Jobs Launched: 
Stage-Stage-1: Map: 1  Reduce: 1   Cumulative CPU: 1.8 sec   HDFS Read: 13447 HDFS Write: 105 SUCCESS
Total MapReduce CPU Time Spent: 1 seconds 800 msec
OK
17329
Time taken: 13.943 seconds, Fetched: 1 row(s)
hive> select drug,sum(tot_amt) from patient group by drug;  //5
Query ID = ak_20211108205224_7d90218b-1532-4a32-81b4-1822249edfbf
Total jobs = 1
Launching Job 1 out of 1
Number of reduce tasks not specified. Estimated from input data size: 1
In order to change the average load for a reducer (in bytes):
  set hive.exec.reducers.bytes.per.reducer=<number>
In order to limit the maximum number of reducers:
  set hive.exec.reducers.max=<number>
In order to set a constant number of reducers:
  set mapreduce.job.reduces=<number>
Starting Job = job_1636354167280_0005, Tracking URL = http://ak:8088/proxy/application_1636354167280_0005/
Kill Command = /home/ak/hadoop-2.10.1/bin/mapred job  -kill job_1636354167280_0005
Hadoop job information for Stage-1: number of mappers: 1; number of reducers: 1
2021-11-08 20:52:29,756 Stage-1 map = 0%,  reduce = 0%
2021-11-08 20:52:33,838 Stage-1 map = 100%,  reduce = 0%, Cumulative CPU 0.99 sec
2021-11-08 20:52:37,920 Stage-1 map = 100%,  reduce = 100%, Cumulative CPU 1.97 sec
MapReduce Total cumulative CPU time: 1 seconds 970 msec
Ended Job = job_1636354167280_0005
MapReduce Jobs Launched: 
Stage-Stage-1: Map: 1  Reduce: 1   Cumulative CPU: 1.97 sec   HDFS Read: 13940 HDFS Write: 228 SUCCESS
Total MapReduce CPU Time Spent: 1 seconds 970 msec
OK
Crocin	1800
Para	6229
calpol	1500
cetzine	2100
hcq	3300
metacin	2400
Time taken: 14.649 seconds, Fetched: 6 row(s)
hive> insert overwrite local directory '/home/ak/results' select * from patient; //6
Query ID = ak_20211108205342_d931ac85-5c62-4410-96dc-b67917eaffea
Total jobs = 1
Launching Job 1 out of 1
Number of reduce tasks is set to 0 since there's no reduce operator
Starting Job = job_1636354167280_0006, Tracking URL = http://ak:8088/proxy/application_1636354167280_0006/
Kill Command = /home/ak/hadoop-2.10.1/bin/mapred job  -kill job_1636354167280_0006
Hadoop job information for Stage-1: number of mappers: 1; number of reducers: 0
2021-11-08 20:53:47,941 Stage-1 map = 0%,  reduce = 0%
2021-11-08 20:53:51,045 Stage-1 map = 100%,  reduce = 0%, Cumulative CPU 0.85 sec
MapReduce Total cumulative CPU time: 850 msec
Ended Job = job_1636354167280_0006
Moving data to local directory /home/ak/results
MapReduce Jobs Launched: 
Stage-Stage-1: Map: 1   Cumulative CPU: 0.85 sec   HDFS Read: 5613 HDFS Write: 537 SUCCESS
Total MapReduce CPU Time Spent: 850 msec
OK
Time taken: 9.101 seconds

hive> desc patient;		//7
OK
pid                 	int                 	                    
pname               	string              	                    
drug                	string              	                    
gender              	string              	                    
tot_amt             	int                 	                    
Time taken: 0.059 seconds, Fetched: 5 row(s)
hive> desc extented patient;		//8
FAILED: SemanticException [Error 10001]: Table not found extented
hive> desc extended patient;
OK
pid                 	int                 	                    
pname               	string              	                    
drug                	string              	                    
gender              	string              	                    
tot_amt             	int                 	                    
	 	 
Detailed Table Information	Table(tableName:patient, dbName:default, owner:ak, createTime:1636384476, lastAccessTime:0, retention:0, sd:StorageDescriptor(cols:[FieldSchema(name:pid, type:int, comment:null), FieldSchema(name:pname, type:string, comment:null), FieldSchema(name:drug, type:string, comment:null), FieldSchema(name:gender, type:string, comment:null), FieldSchema(name:tot_amt, type:int, comment:null)], location:hdfs://localhost:9000/user/hive/warehouse/patient, inputFormat:org.apache.hadoop.mapred.TextInputFormat, outputFormat:org.apache.hadoop.hive.ql.io.HiveIgnoreKeyTextOutputFormat, compressed:false, numBuckets:-1, serdeInfo:SerDeInfo(name:null, serializationLib:org.apache.hadoop.hive.serde2.lazy.LazySimpleSerDe, parameters:{serialization.format=,, field.delim=,}), bucketCols:[], sortCols:[], parameters:{}, skewedInfo:SkewedInfo(skewedColNames:[], skewedColValues:[], skewedColValueLocationMaps:{}), storedAsSubDirectories:false), partitionKeys:[], parameters:{totalSize=537, numRows=0, rawDataSize=0, numFiles=1, transient_lastDdlTime=1636384499, bucketing_version=2}, viewOriginalText:null, viewExpandedText:null, tableType:MANAGED_TABLE, rewriteEnabled:false, catName:hive, ownerType:USER)	
Time taken: 0.065 seconds, Fetched: 7 row(s)


